chktex exit: 0
Rc files read:
  /usr/local/share/latexmk/LatexMk
  .latexmkrc
Latexmk: This is Latexmk, John Collins, 31 Jan. 2024. Version 4.83.
Latexmk: Changing directory to '/compile/'
No existing .aux file, so I'll make a simple one, and require run of *latex.
Force *latex to be remade.
------------
Running 'internal overleaf_pre_process "book-main.tex" "output.pdf"'
------------
Latexmk: calling overleaf_pre_process( "book-main.tex" "output.pdf" )
Latexmk: applying rule 'xelatex'...
Rule 'xelatex':  Reasons for rerun
Category 'other':
  Rerun of 'xelatex' forced or previously required:
    Reason or flag: 'go_mode=3'

------------
Run number 1 of rule 'xelatex'
------------
------------
Running 'xelatex -no-pdf -synctex=1 -interaction=batchmode -recorder --jobname="output"  "book-main.tex"'
------------
This is XeTeX, Version 3.141592653-2.6-0.999996 (TeX Live 2024) (preloaded format=xelatex)
 \write18 enabled.
entering extended mode

SyncTeX written on output.synctex.gz.Latexmk: Getting log file 'output.log'
Latexmk: Examining 'output.fls'
Latexmk: Examining 'output.log'
Latexmk: References changed.
Latexmk: References changed.
Latexmk: References changed.
Latexmk: Log file says output to 'output.xdv'
Latexmk: Bibliography file(s) from .bcf file:
  ./book-references.bib
Latexmk: applying rule 'biber output'...
Rule 'biber output':  Reasons for rerun
Category 'other':
  Rerun of 'biber output' forced or previously required:
    Reason or flag: 'Initial set up of rule'

------------
Run number 1 of rule 'biber output'
------------
------------
Running 'biber  "output.bcf"'
------------
INFO - This is Biber 2.20
INFO - Logfile is 'output.blg'
INFO - Reading 'output.bcf'
INFO - Found 434 citekeys in bib section 0
INFO - Processing section 0
INFO - Looking for bibtex file './book-references.bib' for section 0
INFO - LaTeX decoding ...
INFO - Found BibTeX data source './book-references.bib'
ERROR - BibTeX subsystem: /tmp/biber_tmp_IvMi/4f636de936a72638fd8783942e90d9a1_15.utf8, line 11291, syntax error: found "HEAD", expected "="
WARN - legacy month field '18--24 Jul' in entry 'pmlr-v139-radford21a' is not an integer - this will probably not sort properly.
WARN - legacy month field '18--24 Jul' in entry 'pmlr-v139-jaegle21a' is not an integer - this will probably not sort properly.
WARN - BibTeX subsystem: /tmp/biber_tmp_IvMi/4f636de936a72638fd8783942e90d9a1_15.utf8, line 4, warning: 56 characters of junk seen at toplevel
WARN - BibTeX subsystem: /tmp/biber_tmp_IvMi/4f636de936a72638fd8783942e90d9a1_15.utf8, line 10630, warning: 1 characters of junk seen at toplevel
INFO - WARNINGS: 4
INFO - ERRORS: 1
Biber error: [2217] Utils.pm:410> ERROR - BibTeX subsystem: /tmp/biber_tmp_IvMi/4f636de936a72638fd8783942e90d9a1_15.utf8, line 11291, syntax error: found "HEAD", expected "="
Biber warning: [2217] Biber.pm:131> WARN - legacy month field '18--24 Jul' in entry 'pmlr-v139-radford21a' is not an integer - this will probably not sort properly.
Biber warning: [2217] Biber.pm:131> WARN - legacy month field '18--24 Jul' in entry 'pmlr-v139-jaegle21a' is not an integer - this will probably not sort properly.
Biber warning: [2217] Biber.pm:131> WARN - BibTeX subsystem: /tmp/biber_tmp_IvMi/4f636de936a72638fd8783942e90d9a1_15.utf8, line 4, warning: 56 characters of junk seen at toplevel
Biber warning: [2217] Biber.pm:131> WARN - BibTeX subsystem: /tmp/biber_tmp_IvMi/4f636de936a72638fd8783942e90d9a1_15.utf8, line 10630, warning: 1 characters of junk seen at toplevel
Latexmk: Found biber source file(s) [./book-references.bib, output.bcf]
Latexmk: Error return from 'biber output'
I will add to its source list, anything cached from analysis of bcf file.
Latexmk: applying rule 'xelatex'...
Rule 'xelatex':  Reasons for rerun
Changed files or newly in use/created:
  output.aux
  output.bbl
  output.out
  output.toc

------------
Run number 2 of rule 'xelatex'
------------
------------
Running 'xelatex -no-pdf -synctex=1 -interaction=batchmode -recorder --jobname="output"  "book-main.tex"'
------------
This is XeTeX, Version 3.141592653-2.6-0.999996 (TeX Live 2024) (preloaded format=xelatex)
 \write18 enabled.
entering extended mode

SyncTeX written on output.synctex.gz.Latexmk: Getting log file 'output.log'
Latexmk: Examining 'output.fls'
Latexmk: Examining 'output.log'
Latexmk: Found input bbl file 'output.bbl'
Latexmk: References changed.
Latexmk: References changed.
Latexmk: Log file says output to 'output.xdv'
Latexmk: Bibliography file(s) from .bcf file:
  ./book-references.bib
Latexmk: applying rule 'xelatex'...
Rule 'xelatex':  Reasons for rerun
Changed files or newly in use/created:
  output.aux
  output.out
  output.run.xml
  output.toc

------------
Run number 3 of rule 'xelatex'
------------
------------
Running 'xelatex -no-pdf -synctex=1 -interaction=batchmode -recorder --jobname="output"  "book-main.tex"'
------------
This is XeTeX, Version 3.141592653-2.6-0.999996 (TeX Live 2024) (preloaded format=xelatex)
 \write18 enabled.
entering extended mode

SyncTeX written on output.synctex.gz.Latexmk: Getting log file 'output.log'
Latexmk: Examining 'output.fls'
Latexmk: Examining 'output.log'
Latexmk: Found input bbl file 'output.bbl'
Latexmk: Log file says output to 'output.xdv'
Latexmk: Bibliography file(s) from .bcf file:
  ./book-references.bib
Latexmk: applying rule 'xdvipdfmx'...
Rule 'xdvipdfmx':  Reasons for rerun
Changed files or newly in use/created:
  output.xdv
Category 'changed_source_rules':
  xelatex
Category 'no_dest':
  xdvipdfmx

------------
Run number 1 of rule 'xdvipdfmx'
------------
------------
Running 'xdvipdfmx -z 6 -i dvipdfmx-unsafe.cfg -o "output.pdf"  "output.xdv"'
------------
Latexmk: Summary of warnings from last run of *latex:
  Latex failed to resolve 15 reference(s)
  Latex failed to resolve 774 citation(s)
Latexmk: All targets (output.xdv output.pdf) are up-to-date
------------
Running 'internal overleaf_post_process "book-main.tex" "output.pdf"'
------------
Latexmk: calling overleaf_post_process( "book-main.tex" "output.pdf" )
qpdf exit code=0
Renaming optimised file to output.pdf
Extracting xref table for output.pdf
qpdf --show-xref exit code=0
Collected error summary (may duplicate other messages):
  biber output: Biber errors: See file 'output.blg'
Latexmk: Undoing directory change
'xelatex': time = 7.46
'biber output': time = 2.66
'xelatex': time = 7.96
'xelatex': time = 8.84
'xdvipdfmx': time = 17.68
Processing time = 48.50, of which invoked processes = 44.6, other = 3.90.
Elapsed clock time = 49.58.
Number of rules run = 5

