ChkTeX v1.7.8 - Copyright 1995-96 Jens T. Berger Thielemann.
Compiled with PCRE regex support.
No errors printed; No warnings printed; 174 user suppressed warnings; No line suppressed warnings.
Latexmk: Missing bbl file 'output.bbl' in following:
 No file output.bbl.
Latexmk: Missing input file 'output.ttl' (or dependence on it) from following:
  No file output.ttl.
Latexmk: Missing input file 'output.toc' (or dependence on it) from following:
  No file output.toc.
Latexmk: Missing input file 'output.ttl' (or dependence on it) from following:
  No file output.ttl.
Latexmk: Missing input file 'output.ttl' (or dependence on it) from following:
  No file output.ttl.
output.xdv -> output.pdf
[1][2][3][4][5][6][7][8][9][10][11][12][13][14][15][16][17][18
xdvipdfmx:warning: Object @page.1 already defined.
][19
xdvipdfmx:warning: Object @page.2 already defined.
][20
xdvipdfmx:warning: ICC profile format spec. version 4.3.0 not supported in current PDF version setting.
xdvipdfmx:warning: ICC profile not embedded.

pdf_color>> ICC Profile Info
pdf_color>> Profile Size:	456 bytes
pdf_color>> CMM Type:	(null)
pdf_color>> Profile Version:	4.3.0
pdf_color>> Device Class:	mntr
pdf_color>> Color Space:	RGB 
pdf_color>> Connection Space:	XYZ 
pdf_color>> Creation Date:	2016:01:01:00:00:00
pdf_color>> Primary Platform:	(null)
pdf_color>> Profile Flags:	00:00:00:00
pdf_color>> Device Mnfct:	(null)
pdf_color>> Device Model:	(null)
pdf_color>> Device Attr:	00:00:00:00:00:00:00:00
pdf_color>> Rendering Intent:	Perceptual
pdf_color>> Creator:	(null)
pdf_color>> Illuminant (XYZ):	0.964 1.000 0.825
pdf_color>> Checksum:	(null)

xdvipdfmx:warning: JPEG: Inconsistent resolution may have specified in Exif and JFIF: 144x144 - 72x72
][21
xdvipdfmx:warning: JPEG: Inconsistent resolution may have specified in Exif and JFIF: 144x144 - 72x72
][22][23][24][25][26][27][28][29
xdvipdfmx:warning: Trying to include PDF file with version (1.7), which is newer than current output PDF setting (1.5).
][30][31][32][33][34][35][36][37][38][39][40][41][42][43][44][45][46][47][48][49][50][51][52][53][54][55][56][57][58][59][60][61][62
xdvipdfmx:warning: Trying to include PDF file with version (1.7), which is newer than current output PDF setting (1.5).
][63][64][65][66][67][68][69][70][71][72][73][74][75][76][77][78][79][80][81][82][83][84][85][86][87][88][89][90][91][92][93][94][95][96][97][98][99][100][101][102][103][104][105][106][107][108][109][110][111][112][113][114][115][116][117][118][119][120][121][122][123][124][125][126][127][128][129][130][131][132][133][134][135][136][137][138][139][140][141][142][143][144][145][146][147][148][149][150][151][152][153][154][155
xdvipdfmx:warning: Adobe CMYK JPEG: Inverted color assumed.
][156][157][158][159][160][161][162][163][164][165][166][167][168][169][170][171][172][173
xdvipdfmx:warning: PDF file is tagged... Ignoring tags.
][174][175][176][177][178][179][180][181][182][183][184][185][186][187][188][189
xdvipdfmx:warning: Trying to include PDF file with version (1.7), which is newer than current output PDF setting (1.5).
][190][191][192][193
xdvipdfmx:warning: Trying to include PDF file with version (1.7), which is newer than current output PDF setting (1.5).
xdvipdfmx:warning: Trying to include PDF file with version (1.7), which is newer than current output PDF setting (1.5).
][194][195][196][197][198][199][200][201][202][203][204][205][206][207][208
xdvipdfmx:warning: Trying to include PDF file with version (1.7), which is newer than current output PDF setting (1.5).
][209][210][211][212][213][214][215][216][217][218][219][220][221][222][223][224][225][226][227][228][229][230][231][232][233][234][235][236
xdvipdfmx:warning: PDF file is tagged... Ignoring tags.
][237][238][239][240][241][242][243
xdvipdfmx:warning: Trying to include PDF file with version (1.7), which is newer than current output PDF setting (1.5).
][244][245][246][247][248][249][250][251][252][253][254][255][256][257][258][259][260][261][262][263
xdvipdfmx:warning: Trying to include PDF file with version (1.6), which is newer than current output PDF setting (1.5).
][264
xdvipdfmx:warning: JPEG: Inconsistent resolution may have specified in Exif and JFIF: 96x96 - 72x72
xdvipdfmx:warning: JPEG: Inconsistent resolution may have specified in Exif and JFIF: 144x144 - 72x72
xdvipdfmx:warning: PDF file is tagged... Ignoring tags.
][265][266][267][268
xdvipdfmx:warning: PDF file is tagged... Ignoring tags.
][269][270][271][272][273][274][275][276][277][278][279][280][281][282][283][284][285][286][287][288][289][290][291][292][293][294][295][296][297][298][299][300][301][302][303][304
xdvipdfmx:warning: Trying to include PDF file with version (1.6), which is newer than current output PDF setting (1.5).
][305][306][307][308][309][310][311][312
xdvipdfmx:warning: Trying to include PDF file with version (1.6), which is newer than current output PDF setting (1.5).
xdvipdfmx:warning: Trying to include PDF file with version (1.6), which is newer than current output PDF setting (1.5).
][313][314][315
xdvipdfmx:warning: Trying to include PDF file with version (1.6), which is newer than current output PDF setting (1.5).
xdvipdfmx:warning: Trying to include PDF file with version (1.6), which is newer than current output PDF setting (1.5).
][316
xdvipdfmx:warning: Trying to include PDF file with version (1.6), which is newer than current output PDF setting (1.5).
][317][318][319
xdvipdfmx:warning: Trying to include PDF file with version (1.6), which is newer than current output PDF setting (1.5).
xdvipdfmx:warning: Trying to include PDF file with version (1.6), which is newer than current output PDF setting (1.5).
][320
xdvipdfmx:warning: Trying to include PDF file with version (1.6), which is newer than current output PDF setting (1.5).
][321][322
xdvipdfmx:warning: Trying to include PDF file with version (1.6), which is newer than current output PDF setting (1.5).
][323][324][325
xdvipdfmx:warning: Trying to include PDF file with version (1.6), which is newer than current output PDF setting (1.5).
xdvipdfmx:warning: inflate() failed. Broken PDF file?
][326][327][328][329][330][331][332][333][334][335][336
xdvipdfmx:warning: Trying to include PDF file with version (1.6), which is newer than current output PDF setting (1.5).
][337][338][339][340
xdvipdfmx:warning: Trying to include PDF file with version (1.7), which is newer than current output PDF setting (1.5).
][341][342][343][344][345][346][347][348][349][350][351][352][353][354][355][356][357][358][359][360][361][362][363][364][365][366][367][368][369][370
xdvipdfmx:warning: Trying to include PDF file with version (1.7), which is newer than current output PDF setting (1.5).
][371][372
xdvipdfmx:warning: Trying to include PDF file with version (1.7), which is newer than current output PDF setting (1.5).
][373][374][375][376
xdvipdfmx:warning: Trying to include PDF file with version (1.7), which is newer than current output PDF setting (1.5).
][377][378][379][380][381][382][383][384
xdvipdfmx:warning: Annotation out of page boundary.
xdvipdfmx:warning: Current page's MediaBox: [0 0 595.276 841.89]
xdvipdfmx:warning: Annotation: [623.504 285.827 631.447 290.321]
xdvipdfmx:warning: Maybe incorrect paper size specified.
][385][386][387][388][389][390][391][392][393
xdvipdfmx:warning: Trying to include PDF file with version (1.6), which is newer than current output PDF setting (1.5).
][394][395][396
xdvipdfmx:warning: Trying to include PDF file with version (1.6), which is newer than current output PDF setting (1.5).
][397][398
xdvipdfmx:warning: Trying to include PDF file with version (1.6), which is newer than current output PDF setting (1.5).
][399][400][401][402][403][404][405][406][407][408][409][410][411][412][413][414][415][416][417][418][419][420][421][422][423][424][425][426][427][428][429][430][431][432][433][434][435][436][437][438][439][440][441][442][443][444][445][446][447][448][449][450][451][452][453][454][455][456][457][458][459][460][461][462][463][464][465][466][467]
103334147 bytes written
Latexmk: ====Undefined refs and citations with line #s in .tex file:
  Citation 'Bennett-2023' on page 2 undefined on input line 64
  Citation 'Wiener-Cybernetics-1961' on page 2 undefined on input line 66
  Citation 'Sutton-Barto' on page 2 undefined on input line 79
  Citation 'NAS-1' on page 2 undefined on input line 80
  Citation 'bell2015potentially' on page 2 undefined on input line 83
  Citation 'moody2024nature' on page 2 undefined on input line 112
  Citation 'wang2025preservation' on page 2 undefined on input line 112
 And 782 more --- see log file 'output.log'
